digraph clam_prov_dependency_map{
"0" [label="function name:read\ncall site:0"];
"1" [label="function name:read\ncall site:1"];
"2" [label="function name:read\ncall site:2"];
"3" [label="function name:read\ncall site:3"];
"4" [label="function name:write\ncall site:4"];
"4" -> "0" [label="WasDependentOn"];
"4" -> "1" [label="WasDependentOn"];
"4" -> "2" [label="WasDependentOn"];
"4" -> "3" [label="WasDependentOn"];
}
